{
  "[GET]/coupons/{id}": [
    {
      "meta": {
        "type": "response",
        "title": null,
        "group": "Coupon",
        "statusCode": "200"
      },
      "schema": {
        "$schema": "http://json-schema.org/draft-07/schema#",
        "type": "object",
        "properties": {
          "id": {
            "type": "string"
          },
          "created": {
            "type": "number"
          },
          "percent_off": {
            "type": "number"
          },
          "redeem_by": {
            "type": "number"
          }
        },
        "required": [
          "id"
        ]
      }
    }
  ],
  "[GET]/coupons{?limit}": [
    {
      "meta": {
        "type": "response",
        "title": null,
        "group": "Coupons",
        "statusCode": "200"
      },
      "schema": {
        "$schema": "http://json-schema.org/draft-07/schema#",
        "type": "array"
      }
    }
  ],
  "[POST]/coupons{?limit}": [
    {
      "meta": {
        "type": "request",
        "title": null,
        "group": "Coupons"
      },
      "schema": {
        "$schema": "http://json-schema.org/draft-07/schema#",
        "type": "object",
        "properties": {
          "percent_off": {
            "type": "number"
          },
          "redeem_by": {
            "type": "number"
          }
        }
      }
    },
    {
      "meta": {
        "type": "response",
        "title": null,
        "group": "Coupons",
        "statusCode": "200"
      },
      "schema": {
        "$schema": "http://json-schema.org/draft-07/schema#",
        "type": "object",
        "properties": {
          "id": {
            "type": "string"
          },
          "created": {
            "type": "number"
          },
          "percent_off": {
            "type": "number"
          },
          "redeem_by": {
            "type": "number"
          }
        },
        "required": [
          "id"
        ]
      }
    }
  ]
}
